HI-TECH Software C Compiler 

Linker command line:

--edf=C:\Program Files\HI-TECH Software\PICC\9.83\dat\en_msgs.txt -cs \
  -h+dist/default/debug\ir-receiver.X.debug.sym -z -Q12F629 -ol.obj \
  -Mdist/default/debug/ir-receiver.X.debug.map -E1 \
  -p_osccallibrate_text=3FFh -ACONST=00h-0FFhx3,0300h-03FEh \
  -ACODE=00h-03FEh -ASTRCODE=00h-03FEh -AENTRY=00h-0FFhx3,0300h-03FEh \
  -ASTRING=00h-0FFhx3,0300h-03FEh -ABANK0=020h-05Dh -ARAM=020h-05Dh \
  -AABS1=020h-05Fh -ACOMMON=05Eh-05Fh -ASFR0=00h-01Fh -ASFR1=080h-0DDh \
  -preset_vec=00h,intentry,init,end_init -ppowerup=CODE -pfunctab=CODE \
  -ACONFIG=02007h-02007h -pconfig=CONFIG -DCONFIG=2 -AIDLOC=02000h-02003h \
  -pidloc=IDLOC -DIDLOC=2 -AEEDATA=00h-07Fh/02100h -peeprom_data=EEDATA \
  -DEEDATA=2 -posccal=03FFh -DCODE=2 -DSTRCODE=2 -DSTRING=2 -DCONST=2 \
  -DENTRY=2 -k C:\Users\105A~1\AppData\Local\Temp\s1e4.obj \
  dist/default/debug\ir-receiver.X.debug.obj 

Object code version is 3.10

Machine type is 12F629



                Name                               Link     Load   Length Selector   Space Scale
C:\Users\105A~1\AppData\Local\Temp\s1e4.obj
                end_init                              0        0        5        0       0
dist/default/debug\ir-receiver.X.debug.obj
                config                             2007     2007        1     400E       0
                text219                             269      269        C      4D2       0
                text218                             275      275       18      4EA       0
                text217                             25E      25E        B      4BC       0
                text216                             2F3      2F3       2A      5E6       0
                text215                             2CF      2CF       24      59E       0
                text214                             2AC      2AC       23      558       0
                text213                             28D      28D       1F      51A       0
                text212                             3B4      3B4       4B      768       0
                text211                             37A      37A       3A      6F4       0
                text210                             31D      31D       2A      63A       0
                maintext                            347      347       33      68E       0
                cstackBANK0                          20       20       11       20       1
                bssBANK0                             31       31        1       20       1
                cinit                               25B      25B        3      4B6       0
                _osccallibrate_text                 3FF      3FF        1      7FE       0

TOTAL           Name                               Link     Load   Length     Space
        CLASS   CONST          

        CLASS   CODE           
                end_init                              0        0        5         0
                text219                             269      269        C         0
                text218                             275      275       18         0
                text217                             25E      25E        B         0
                text216                             2F3      2F3       2A         0
                text215                             2CF      2CF       24         0
                text214                             2AC      2AC       23         0
                text213                             28D      28D       1F         0
                text212                             3B4      3B4       4B         0
                text211                             37A      37A       3A         0
                text210                             31D      31D       2A         0
                maintext                            347      347       33         0
                cinit                               25B      25B        3         0
                _osccallibrate_text                 3FF      3FF        1         0

        CLASS   STRCODE        

        CLASS   ENTRY          

        CLASS   STRING         

        CLASS   BANK0          
                cstackBANK0                          20       20       11         1
                bssBANK0                             31       31        1         1

        CLASS   RAM            

        CLASS   ABS1           
                abs_s1                               5E       5E        2         1

        CLASS   COMMON         

        CLASS   SFR0           

        CLASS   SFR1           

        CLASS   CONFIG         
                config                             2007     2007        1         0

        CLASS   IDLOC          

        CLASS   EEDATA         

        CLASS   BANK1          



SEGMENTS        Name                           Load    Length   Top    Selector   Space  Class     Delta

                reset_vec                      000000  000005  000005         0       0  CODE        2
                cstackBANK0                    000020  000012  000032        20       1  BANK0       1
                cinit                          00025B  000003  00025E       4B6       0  CODE        2
                text217                        00025E  00000B  000269       4BC       0  CODE        2
                text219                        000269  00000C  000275       4D2       0  CODE        2
                text218                        000275  000018  00028D       4EA       0  CODE        2
                text213                        00028D  00001F  0002AC       51A       0  CODE        2
                text214                        0002AC  000023  0002CF       558       0  CODE        2
                text215                        0002CF  000024  0002F3       59E       0  CODE        2
                text216                        0002F3  00002A  00031D       5E6       0  CODE        2
                text210                        00031D  00002A  000347       63A       0  CODE        2
                maintext                       000347  000033  00037A       68E       0  CODE        2
                text211                        00037A  00003A  0003B4       6F4       0  CODE        2
                text212                        0003B4  00004B  0003FF       768       0  CODE        2
                _osccallibrate_text            0003FF  000001  000400       7FE       0  CODE        2
                config                         002007  000001  002008      400E       0  CONFIG      2


UNUSED ADDRESS RANGES

        Name                Unused          Largest block    Delta
        BANK0            0032-005D             2C           1
        CODE             0005-025A            256           2
        CONST            0005-025A            100           2
        EEDATA           2100-217F             80           2
        ENTRY            0005-025A            100           2
        IDLOC            2000-2003              4           2
        RAM              0032-005D             2C           1
        SFR0             0000-001F             20           1
        SFR1             0080-00DD             5E           1
        STRCODE          0005-025A            256           2
        STRING           0005-025A            100           2

                                  Symbol Table

??___lwdiv             cstackCOMMON        0000
??___lwmod             cstackCOMMON        0000
??_configure           cstackCOMMON        0000
??_getIrData           cstackCOMMON        0000
??_main                cstackBANK0         002D
??_printInt            cstackCOMMON        0000
??_putch               cstackBANK0         0020
??_readData            cstackCOMMON        0000
??_readIrSensor        cstackCOMMON        0000
??_readMark            cstackCOMMON        0000
??_toHex               cstackCOMMON        0000
?___lwdiv              cstackBANK0         0020
?___lwmod              cstackBANK0         0020
?_configure            cstackBANK0         0020
?_getIrData            cstackBANK0         0020
?_main                 cstackBANK0         0020
?_printInt             cstackBANK0         0027
?_putch                cstackBANK0         0020
?_readData             cstackBANK0         0022
?_readIrSensor         cstackBANK0         0020
?_readMark             cstackBANK0         0020
?_toHex                cstackBANK0         0020
_CMCON                 (abs)               0019
_GPIO                  (abs)               0005
_GPIO0                 (abs)               0028
_GPIO1                 (abs)               0029
_GPIO2                 (abs)               002A
_GPIO3                 (abs)               002B
_GPIO4                 (abs)               002C
_GPIO5                 (abs)               002D
_TRISIO                (abs)               0085
__H_osccallibrate_text _osccallibrate_text 0400
__Habs1                abs1                07FE
__Hbank0               bank0               07FE
__Hbank1               bank1               07FE
__HbssBANK0            bssBANK0            07FE
__Hcinit               cinit               07FE
__Hclrtext             clrtext             07FE
__Hcode                code                07FE
__Hcommon              common              07FE
__Hconfig              config              2008
__HcstackBANK0         cstackBANK0         07FE
__HcstackCOMMON        cstackCOMMON        07FE
__Heeprom_data         eeprom_data         0000
__Hend_init            end_init            0005
__Hfunctab             functab             0000
__Hidloc               idloc               0000
__Hinit                init                0000
__Hintentry            intentry            0000
__Hmaintext            maintext            07FE
__Hosccal              osccal              03FF
__Hpa_nodes            pa_nodes            07FE
__Hpowerup             powerup             0000
__Hram                 ram                 07FE
__Hreset_vec           reset_vec           0000
__Hsfr0                sfr0                07FE
__Hsfr1                sfr1                07FE
__Hstrings             strings             07FE
__Htext                text                07FE
__L_osccallibrate_text _osccallibrate_text 03FF
__Labs1                abs1                07FE
__Lbank0               bank0               07FE
__Lbank1               bank1               07FE
__LbssBANK0            bssBANK0            07FE
__Lcinit               cinit               07FE
__Lclrtext             clrtext             07FE
__Lcode                code                07FE
__Lcommon              common              07FE
__Lconfig              config              2007
__LcstackBANK0         cstackBANK0         07FE
__LcstackCOMMON        cstackCOMMON        07FE
__Leeprom_data         eeprom_data         0000
__Lend_init            end_init            0000
__Lfunctab             functab             0000
__Lidloc               idloc               0000
__Linit                init                0000
__Lintentry            intentry            0000
__Lmaintext            maintext            07FE
__Losccal              osccal              03FF
__Lpa_nodes            pa_nodes            07FE
__Lpowerup             powerup             0000
__Lram                 ram                 07FE
__Lreset_vec           reset_vec           0000
__Lsfr0                sfr0                07FE
__Lsfr1                sfr1                07FE
__Lstrings             strings             07FE
__Ltext                text                07FE
__S0                   (abs)               2008
__S1                   (abs)               0032
__S2                   (abs)               0000
___lwdiv               text216             02F3
___lwdiv@counter       cstackBANK0         0026
___lwdiv@dividend      cstackBANK0         0022
___lwdiv@divisor       cstackBANK0         0020
___lwdiv@quotient      cstackBANK0         0024
___lwmod               text215             02CF
___lwmod@counter       cstackBANK0         0024
___lwmod@dividend      cstackBANK0         0022
___lwmod@divisor       cstackBANK0         0020
___osccal_val          osccal              03FF
__end_of___lwdiv       text216             031D
__end_of___lwmod       text215             02F3
__end_of_configure     text219             0275
__end_of_getIrData     text210             0347
__end_of_main          maintext            037A
__end_of_printInt      text211             03B4
__end_of_putch         text214             02CF
__end_of_readData      text212             03FF
__end_of_readIrSensor  text218             028D
__end_of_readMark      text213             02AC
__end_of_toHex         text217             0269
__p_osccallibrate_text _osccallibrate_text 03FF
__pbssBANK0            bssBANK0            0031
__pcstackBANK0         cstackBANK0         0020
__pcstackCOMMON        cstackCOMMON        0000
__pmaintext            maintext            0347
__pstrings             strings             0000
__ptext210             text210             031D
__ptext211             text211             037A
__ptext212             text212             03B4
__ptext213             text213             028D
__ptext214             text214             02AC
__ptext215             text215             02CF
__ptext216             text216             02F3
__ptext217             text217             025E
__ptext218             text218             0275
__ptext219             text219             0269
__ptext220             text220             0000
__size_of___lwdiv      (abs)               0000
__size_of___lwmod      (abs)               0000
__size_of_configure    (abs)               0000
__size_of_getIrData    (abs)               0000
__size_of_main         (abs)               0000
__size_of_printInt     (abs)               0000
__size_of_putch        (abs)               0000
__size_of_readData     (abs)               0000
__size_of_readIrSensor (abs)               0000
__size_of_readMark     (abs)               0000
__size_of_toHex        (abs)               0000
_configure             text219             0269
_error                 bssBANK0            0031
_exit                  init                0000
_getIrData             text210             031D
_main                  maintext            0347
_osccallibrate         _osccallibrate_text 03FF
_osccallibrate_absaddr (abs)               03FF
_printInt              text211             037A
_putch                 text214             02AC
_readData              text212             03B4
_readIrSensor          text218             0275
_readMark              text213             028D
_toHex                 text217             025E
btemp                  (abs)               005E
end_of_initialization  cinit               025C
getIrData@irdata       cstackBANK0         0028
intlevel0              functab             0000
intlevel1              functab             0000
intlevel2              functab             0000
intlevel3              functab             0000
intlevel4              functab             0000
intlevel5              functab             0000
l1384                                          
l1386                                          
l1388                                          
l1390                                          
l1392                                          
l1394                                          
l1396                                          
l1398                                          
l1408                                          
l1412                                          
l1416                                          
l1418                                          
l1428                                          
l1432                                          
l1436                                          
l1442                                          
l1456                                          
l1462                                          
l1464                                          
l1468                                          
l1470                                          
l1474                                          
l1476                                          
l1508                                          
l1510                                          
l1548                                          
l1560                                          
l1562                                          
l1564                                          
l1566                                          
l1568                                          
l1576                                          
l1580                                          
l1586                                          
l1592                                          
l1594                                          
l1598                                          
l1618                                          
l1620                                          
l1622                                          
l1624                                          
l310                                           
l317                                           
l320                                           
l327                                           
l385                                           
l739                                           
l749                                           
main@data              cstackBANK0         0030
printInt@data          cstackBANK0         0027
printInt@div           cstackBANK0         002A
printInt@val           cstackBANK0         0029
putch@bit_count        cstackBANK0         0022
putch@ch               cstackBANK0         0021
readData@byte_count    cstackBANK0         0024
readData@count         cstackBANK0         0027
readData@irdata        cstackBANK0         0023
readData@mask          cstackBANK0         0026
readData@size          cstackBANK0         0022
readData@value         cstackBANK0         0025
readIrSensor@l         cstackBANK0         0020
readIrSensor@port      cstackBANK0         0021
readMark@count         cstackBANK0         0022
reset_vec              reset_vec           0000
start                  init                0000
start_initialization   cinit               025B
toHex@v                cstackBANK0         0020
wtemp0                 (abs)               005E
